../Core/Src/main.c:114:6:HAL_UARTEx_RxEventCallback	56	dynamic
../Core/Src/main.c:183:5:main	96	static
../Core/Src/main.c:366:6:SystemClock_Config	96	static
../Core/Src/main.c:423:13:MX_ADC1_Init	48	static
../Core/Src/main.c:490:13:MX_RTC_Init	8	static
../Core/Src/main.c:526:13:MX_TIM3_Init	40	static
../Core/Src/main.c:571:13:MX_UART4_Init	8	static
../Core/Src/main.c:607:13:MX_USART1_UART_Init	8	static
../Core/Src/main.c:642:13:MX_USART2_UART_Init	8	static
../Core/Src/main.c:675:13:MX_DMA_Init	16	static
../Core/Src/main.c:700:13:MX_GPIO_Init	48	static
../Core/Src/main.c:809:6:HAL_RTC_AlarmAEventCallback	64	static
../Core/Src/main.c:829:6:Error_Handler	4	static,ignoring_inline_asm
